// Jest Snapshot v1, https://goo.gl/fbAQLP

exports[`<Main /> should render the trad heading 1`] = `
<main>
  <h2>
    Trad
  </h2>
</main>
`;
